2026-05-18 21:03:09, MOVE, v:1, k:ed@queimada, mode:PICK
2026-05-18 21:03:11, EXEC, v:1, k:ed@queimada, mode:FULL, rate:100, size:56
2026-05-18 21:03:15, MOVE, v:1, k:ed@queimada, mode:BACK
2026-05-18 21:03:17, MOVE, v:1, k:ed@labirinto, mode:PICK
2026-05-18 21:03:18, EXEC, v:1, k:ed@labirinto, mode:FULL, rate:0
2026-05-18 21:21:10, EXEC, v:1, k:ed@labirinto, mode:FULL, rate:0
2026-05-18 22:14:52, EXEC, v:1, k:ed@labirinto, mode:FULL, size:77, fail:COMP
2026-05-18 22:16:48, EXEC, v:1, k:ed@labirinto, mode:FULL, rate:0, size:79
2026-05-18 22:16:45, MOVE, v:1, k:ed@labirinto, mode:EDIT
2026-05-18 22:20:16, MOVE, v:1, k:ed@labirinto, mode:PICK
2026-05-18 22:20:17, EXEC, v:1, k:ed@labirinto, mode:FULL, rate:0
2026-05-18 22:20:44, MOVE, v:1, k:ed@labirinto, mode:PICK
2026-05-18 22:20:46, EXEC, v:1, k:ed@labirinto, mode:FULL, rate:0
2026-05-18 22:22:05, MOVE, v:1, k:ed@labirinto, mode:PICK
2026-05-18 22:22:06, EXEC, v:1, k:ed@labirinto, mode:FULL, rate:0
2026-05-18 22:23:36, EXEC, v:1, k:ed@labirinto, mode:FULL, rate:0, size:79
2026-05-18 22:24:00, EXEC, v:1, k:ed@labirinto, mode:FULL, rate:100, size:80
2026-05-18 22:24:16, MOVE, v:1, k:ed@labirinto, mode:BACK
2026-05-18 22:24:51, MOVE, v:1, k:ed@labirinto, mode:PICK
2026-05-18 22:24:54, MOVE, v:1, k:ed@labirinto, mode:BACK
2026-05-18 22:25:17, SELF, v:1, k:ed@labirinto, self:1, rate:100, study:45, concept:1, debug:1
2026-05-18 22:23:56, MOVE, v:1, k:ed@labirinto, mode:EDIT
2026-05-18 22:29:38, MOVE, v:1, k:ed@distancia, mode:DOWN
2026-05-18 22:29:39, MOVE, v:1, k:ed@distancia, mode:PICK
2026-05-18 22:29:41, EXEC, v:1, k:ed@distancia, mode:FULL, rate:0, size:5
2026-05-18 22:29:38, MOVE, v:1, k:ed@distancia, mode:EDIT
2026-05-18 22:29:38, MOVE, v:1, k:ed@distancia, mode:EDIT
2026-05-18 22:29:38, MOVE, v:1, k:ed@distancia, mode:EDIT
2026-05-18 22:45:25, EXEC, v:1, k:ed@distancia, mode:FULL, rate:0
2026-05-18 23:18:16, EXEC, v:1, k:ed@distancia, mode:FULL, rate:0
2026-05-18 23:18:21, EXEC, v:1, k:ed@distancia, mode:FULL, size:41, fail:COMP
2026-05-18 23:18:19, MOVE, v:1, k:ed@distancia, mode:EDIT
2026-05-18 23:26:11, EXEC, v:1, k:ed@distancia, mode:FULL, size:43, fail:COMP
2026-05-18 23:26:50, EXEC, v:1, k:ed@distancia, mode:FULL, rate:100, size:43
2026-05-18 23:26:53, MOVE, v:1, k:ed@distancia, mode:BACK
2026-05-18 23:26:48, MOVE, v:1, k:ed@distancia, mode:EDIT
