2026-06-08 10:15:15, MOVE, v:1, k:ed@altura, mode:PICK
2026-06-08 10:16:39, EXEC, v:1, k:ed@altura, mode:FULL, rate:0, size:108
2026-06-08 10:16:41, EXEC, v:1, k:ed@altura, mode:FULL, rate:0
2026-06-08 10:33:55, MOVE, v:1, k:ed@altura, mode:EDIT
2026-06-08 10:34:12, EXEC, v:1, k:ed@altura, mode:FULL, rate:0, size:116
2026-06-08 10:35:01, EXEC, v:1, k:ed@altura, mode:FULL, rate:0, size:116
2026-06-08 10:35:07, EXEC, v:1, k:ed@altura, mode:FULL, rate:0
2026-06-08 10:34:57, MOVE, v:1, k:ed@altura, mode:EDIT
2026-06-08 10:42:03, EXEC, v:1, k:ed@altura, mode:FULL, rate:0, size:120
2026-06-08 10:42:20, EXEC, v:1, k:ed@altura, mode:FULL, rate:0, size:123
2026-06-08 10:42:18, MOVE, v:1, k:ed@altura, mode:EDIT
2026-06-08 10:47:12, EXEC, v:1, k:ed@altura, mode:FULL, size:133, fail:COMP
2026-06-08 10:47:13, EXEC, v:1, k:ed@altura, mode:FULL, fail:COMP
2026-06-08 10:47:19, EXEC, v:1, k:ed@altura, mode:FULL, size:133, fail:COMP
2026-06-08 10:47:20, EXEC, v:1, k:ed@altura, mode:FULL, fail:COMP
2026-06-08 10:47:41, EXEC, v:1, k:ed@altura, mode:FULL, size:133, fail:COMP
2026-06-08 10:47:42, EXEC, v:1, k:ed@altura, mode:FULL, fail:COMP
2026-06-08 10:48:42, EXEC, v:1, k:ed@altura, mode:FULL, rate:100, size:133
2026-06-08 10:48:45, MOVE, v:1, k:ed@altura, mode:BACK
2026-06-08 10:48:39, MOVE, v:1, k:ed@altura, mode:EDIT
2026-06-08 10:49:43, SELF, v:1, k:ed@altura, self:1, rate:100, study:35, concept:1
2026-06-08 10:51:00, MOVE, v:1, k:ed@sudoku, mode:PICK
2026-06-08 10:51:01, EXEC, v:1, k:ed@sudoku, mode:FULL, size:43, fail:COMP
2026-06-08 10:51:02, EXEC, v:1, k:ed@sudoku, mode:FULL, fail:COMP
2026-06-08 10:51:27, MOVE, v:1, k:ed@sudoku, mode:BACK
