2026-06-05 19:23:23, MOVE, v:1, k:ed@permutacoes, mode:DOWN
2026-06-05 19:23:23, MOVE, v:1, k:ed@permutacoes, mode:EDIT
2026-06-05 19:23:23, MOVE, v:1, k:ed@permutacoes, mode:EDIT
2026-06-05 19:23:23, MOVE, v:1, k:ed@permutacoes, mode:EDIT
2026-06-05 19:30:50, MOVE, v:1, k:ed@permutacoes, mode:PICK
2026-06-05 19:54:44, EXEC, v:1, k:ed@permutacoes, mode:FULL, size:11, fail:COMP
2026-06-05 19:54:41, MOVE, v:1, k:ed@permutacoes, mode:EDIT
2026-06-05 20:09:27, EXEC, v:1, k:ed@permutacoes, mode:FULL, rate:0, size:42
2026-06-05 20:09:34, EXEC, v:1, k:ed@permutacoes, mode:FULL, rate:0
2026-06-05 20:09:23, MOVE, v:1, k:ed@permutacoes, mode:EDIT
2026-06-05 20:11:20, EXEC, v:1, k:ed@permutacoes, mode:FULL, rate:40, size:43
2026-06-05 20:12:53, MOVE, v:1, k:ed@permutacoes, mode:PICK
2026-06-05 20:12:55, EXEC, v:1, k:ed@permutacoes, mode:FULL, rate:40
2026-06-05 20:43:36, EXEC, v:1, k:ed@permutacoes, mode:FULL, rate:40, size:53
2026-06-05 20:45:06, EXEC, v:1, k:ed@permutacoes, mode:FULL, rate:40, size:53
2026-06-05 20:45:10, EXEC, v:1, k:ed@permutacoes, mode:FULL, rate:40
2026-06-05 20:46:23, MOVE, v:1, k:ed@permutacoes, mode:PICK
2026-06-05 20:46:25, EXEC, v:1, k:ed@permutacoes, mode:FULL, rate:40
2026-06-05 20:47:55, EXEC, v:1, k:ed@permutacoes, mode:FULL, rate:100, size:53
2026-06-05 20:48:03, MOVE, v:1, k:ed@permutacoes, mode:BACK
2026-06-05 20:48:40, SELF, v:1, k:ed@permutacoes, self:1, rate:100, study:40, concept:1
2026-06-05 20:49:03, SELF, v:1, k:ed@wordsearch, self:1, rate:100, study:60, concept:1, problem:1
2026-06-05 20:49:47, SELF, v:1, k:ed@permutacoes, self:1, rate:100, study:40, concept:1
2026-06-05 20:49:59, SELF, v:1, k:ed@wordsearch, self:1, rate:100, concept:1, problem:1
2026-06-05 20:50:04, SELF, v:1, k:ed@permutacoes, self:1, rate:100, study:40, concept:1
2026-06-05 20:50:20, SELF, v:1, k:ed@wordsearch, self:1, rate:100, study:60, concept:1, problem:1
