2026-07-03 19:37:07, MOVE, v:1, k:ed@longest, mode:DOWN
2026-07-03 19:37:12, MOVE, v:1, k:ed@longest, mode:PICK
2026-07-03 19:37:07, MOVE, v:1, k:ed@longest, mode:EDIT
2026-07-03 19:37:07, MOVE, v:1, k:ed@longest, mode:EDIT
2026-07-03 19:39:42, MOVE, v:1, k:ed@longest, mode:BACK
2026-07-03 21:16:48, MOVE, v:1, k:ed@battleship, mode:DOWN
2026-07-03 21:16:50, MOVE, v:1, k:ed@battleship, mode:PICK
2026-07-03 21:16:51, MOVE, v:1, k:ed@battleship, mode:BACK
2026-07-03 21:16:57, MOVE, v:1, k:ed@pintura, mode:DOWN
2026-07-03 21:16:57, MOVE, v:1, k:ed@pintura, mode:PICK
2026-07-03 21:16:59, MOVE, v:1, k:ed@pintura, mode:BACK
2026-07-03 21:17:03, MOVE, v:1, k:ed@cercado, mode:DOWN
2026-07-03 21:17:04, MOVE, v:1, k:ed@cercado, mode:PICK
2026-07-03 21:17:05, MOVE, v:1, k:ed@cercado, mode:BACK
2026-07-03 21:16:48, MOVE, v:1, k:ed@battleship, mode:EDIT
2026-07-03 21:16:48, MOVE, v:1, k:ed@battleship, mode:EDIT
2026-07-03 21:16:57, MOVE, v:1, k:ed@pintura, mode:EDIT
2026-07-03 21:16:57, MOVE, v:1, k:ed@pintura, mode:EDIT
2026-07-03 21:17:03, MOVE, v:1, k:ed@cercado, mode:EDIT
2026-07-03 21:17:03, MOVE, v:1, k:ed@cercado, mode:EDIT
