2026-06-02 10:45:11, MOVE, v:1, k:sandbox@user_001, mode:PICK
2026-06-02 10:45:13, EXEC, v:1, k:sandbox@user_001, mode:LOCK, rate:0, size:5
2026-06-02 10:45:18, MOVE, v:1, k:sandbox@user_001, mode:BACK
2026-06-02 10:45:23, MOVE, v:1, k:sandbox@user_001, mode:PICK
2026-06-02 10:45:09, MOVE, v:1, k:sandbox@user_001, mode:EDIT
2026-06-02 10:50:50, MOVE, v:1, k:sandbox@user_001, mode:BACK
2026-06-02 10:51:04, MOVE, v:1, k:ed@serial, mode:DOWN
2026-06-02 10:51:05, MOVE, v:1, k:ed@serial, mode:PICK
2026-06-02 10:53:29, MOVE, v:1, k:ed@serial, mode:BACK
2026-06-02 10:54:29, MOVE, v:1, k:sandbox@user_001, mode:PICK
2026-06-02 10:54:48, MOVE, v:1, k:sandbox@user_001, mode:BACK
2026-06-02 10:55:08, MOVE, v:1, k:ed@bst_insert, mode:DOWN
2026-06-02 10:55:09, MOVE, v:1, k:ed@bst_insert, mode:PICK
2026-06-02 10:55:11, EXEC, v:1, k:ed@bst_insert, mode:FULL, rate:0, size:65
2026-06-02 10:56:27, MOVE, v:1, k:ed@bst_insert, mode:BACK
2026-06-02 10:56:33, MOVE, v:1, k:ed@chaves, mode:PICK
2026-06-02 10:56:36, EXEC, v:1, k:ed@chaves, mode:FULL, rate:100
2026-06-02 10:55:08, MOVE, v:1, k:ed@bst_insert, mode:EDIT
2026-06-02 10:55:08, MOVE, v:1, k:ed@bst_insert, mode:EDIT
2026-06-02 10:55:08, MOVE, v:1, k:ed@bst_insert, mode:EDIT
2026-06-02 10:57:22, MOVE, v:1, k:sandbox@user_001, mode:EDIT
