2026-05-31 12:54:49, MOVE, v:1, k:ed@fila_enc, mode:PICK
2026-05-31 12:54:52, EXEC, v:1, k:ed@fila_enc, mode:FULL, rate:0, size:82
2026-05-31 13:46:51, MOVE, v:1, k:ed@fila_enc, mode:EDIT
2026-05-31 13:50:47, EXEC, v:1, k:ed@fila_enc, mode:FULL, rate:0, size:95
2026-05-31 13:52:09, EXEC, v:1, k:ed@fila_enc, mode:FULL, rate:0
2026-05-31 13:52:25, EXEC, v:1, k:ed@fila_enc, mode:FREE
2026-05-31 13:54:17, EXEC, v:1, k:ed@fila_enc, mode:FULL, rate:33, size:95
2026-05-31 13:54:45, EXEC, v:1, k:ed@fila_enc, mode:FULL, size:95, fail:COMP
2026-05-31 13:54:43, MOVE, v:1, k:ed@fila_enc, mode:EDIT
2026-05-31 14:01:08, EXEC, v:1, k:ed@fila_enc, mode:FULL, rate:66, size:110
2026-05-31 14:01:03, MOVE, v:1, k:ed@fila_enc, mode:EDIT
2026-05-31 15:00:22, EXEC, v:1, k:ed@fila_enc, mode:FULL, rate:100, size:126
2026-05-31 15:00:35, MOVE, v:1, k:ed@fila_enc, mode:BACK
2026-05-31 15:01:26, SELF, v:1, k:ed@fila_enc, self:1, rate:100, study:40, concept:1
2026-05-31 15:01:47, MOVE, v:1, k:ed@chaves, mode:DOWN
2026-05-31 15:01:48, MOVE, v:1, k:ed@chaves, mode:PICK
2026-05-31 15:00:19, MOVE, v:1, k:ed@fila_enc, mode:EDIT
2026-05-31 15:01:46, MOVE, v:1, k:ed@chaves, mode:EDIT
2026-05-31 15:01:46, MOVE, v:1, k:ed@chaves, mode:EDIT
2026-05-31 15:01:47, MOVE, v:1, k:ed@chaves, mode:EDIT
2026-05-31 15:01:47, MOVE, v:1, k:ed@chaves, mode:EDIT
2026-05-31 15:30:04, EXEC, v:1, k:ed@chaves, mode:FULL, rate:100, size:84
2026-05-31 15:29:55, MOVE, v:1, k:ed@chaves, mode:EDIT
2026-05-31 15:36:24, EXEC, v:1, k:ed@chaves, mode:FULL, rate:0, size:85
2026-05-31 15:36:38, EXEC, v:1, k:ed@chaves, mode:FULL, rate:100, size:86
2026-05-31 15:36:36, MOVE, v:1, k:ed@chaves, mode:EDIT
2026-05-31 15:39:57, EXEC, v:1, k:ed@chaves, mode:FULL, rate:100, size:87
2026-05-31 15:40:00, MOVE, v:1, k:ed@chaves, mode:BACK
2026-05-31 15:40:17, SELF, v:1, k:ed@chaves, self:1, rate:100, study:38, concept:1, problem:1
2026-05-31 15:39:54, MOVE, v:1, k:ed@chaves, mode:EDIT
2026-05-31 16:50:36, SELF, v:1, k:ed@chaves, self:1, rate:100, study:38, concept:1, problem:1
2026-05-31 17:12:00, MOVE, v:1, k:ed@pilha, mode:DOWN
2026-05-31 17:12:01, MOVE, v:1, k:ed@pilha, mode:PICK
2026-05-31 17:12:03, EXEC, v:1, k:ed@pilha, mode:FULL, rate:0, size:80
2026-05-31 17:12:12, MOVE, v:1, k:ed@pilha, mode:BACK
2026-05-31 17:12:57, MOVE, v:1, k:ed@fila_enc, mode:PICK
2026-05-31 17:12:59, MOVE, v:1, k:ed@fila_enc, mode:BACK
2026-05-31 17:13:44, MOVE, v:1, k:ed@chaves, mode:PICK
2026-05-31 17:13:52, MOVE, v:1, k:ed@chaves, mode:BACK
2026-05-31 17:13:55, MOVE, v:1, k:ed@pilha, mode:PICK
2026-05-31 17:17:46, EXEC, v:1, k:ed@pilha, mode:FULL, rate:0
2026-05-31 17:22:30, EXEC, v:1, k:ed@pilha, mode:FULL, rate:0
2026-05-31 17:22:33, EXEC, v:1, k:ed@pilha, mode:FULL, rate:0
2026-05-31 17:30:12, EXEC, v:1, k:ed@pilha, mode:FULL, rate:0, size:87
2026-05-31 17:30:54, EXEC, v:1, k:ed@pilha, mode:FULL, rate:0
2026-05-31 17:31:23, EXEC, v:1, k:ed@pilha, mode:FULL, rate:33, size:87
2026-05-31 17:31:22, MOVE, v:1, k:ed@pilha, mode:EDIT
2026-05-31 17:57:00, EXEC, v:1, k:ed@pilha, mode:FULL, rate:33, size:104
2026-05-31 17:57:24, EXEC, v:1, k:ed@pilha, mode:FULL, rate:33, size:100
2026-05-31 17:57:54, EXEC, v:1, k:ed@pilha, mode:FULL, rate:33, size:100
2026-05-31 17:57:51, MOVE, v:1, k:ed@pilha, mode:EDIT
2026-05-31 17:59:06, EXEC, v:1, k:ed@pilha, mode:FULL, rate:66, size:102
2026-05-31 17:59:06, EXEC, v:1, k:ed@pilha, mode:FULL, rate:66, size:102
2026-05-31 17:59:06, EXEC, v:1, k:ed@pilha, mode:FULL, rate:66, size:102
2026-05-31 17:59:09, EXEC, v:1, k:ed@pilha, mode:FULL, rate:66
2026-05-31 18:01:02, EXEC, v:1, k:ed@pilha, mode:FULL, size:105, fail:COMP
2026-05-31 18:01:03, EXEC, v:1, k:ed@pilha, mode:FULL, fail:COMP
2026-05-31 18:01:34, EXEC, v:1, k:ed@pilha, mode:FULL, rate:66, size:106
2026-05-31 18:03:36, EXEC, v:1, k:ed@pilha, mode:FULL, rate:100, size:113
2026-05-31 18:03:33, MOVE, v:1, k:ed@pilha, mode:EDIT
2026-05-31 18:03:48, MOVE, v:1, k:ed@pilha, mode:BACK
2026-05-31 18:04:24, SELF, v:1, k:ed@pilha, self:1, rate:100, study:50, concept:1, debug:1
