2026-05-02 14:25:02, MOVE, v:1, k:ed@vetbuild, mode:PICK
2026-05-02 14:25:06, EXEC, v:1, k:ed@vetbuild, mode:FULL, rate:0
2026-05-02 14:25:17, MOVE, v:1, k:ed@vetbuild, mode:BACK
2026-05-02 14:25:20, MOVE, v:1, k:ed@vetbuild, mode:PICK
2026-05-02 14:26:26, EXEC, v:1, k:ed@vetbuild, mode:FULL, rate:0
2026-05-02 14:26:46, EXEC, v:1, k:ed@vetbuild, mode:FULL, rate:18, size:137
2026-05-02 14:26:42, MOVE, v:1, k:ed@vetbuild, mode:EDIT
2026-05-02 14:29:56, EXEC, v:1, k:ed@vetbuild, mode:FULL, size:137, fail:COMP
2026-05-02 14:29:52, MOVE, v:1, k:ed@vetbuild, mode:EDIT
2026-05-02 14:34:23, EXEC, v:1, k:ed@vetbuild, mode:FULL, fail:COMP
2026-05-02 14:35:25, EXEC, v:1, k:ed@vetbuild, mode:FULL, size:140, fail:COMP
2026-05-02 14:35:27, EXEC, v:1, k:ed@vetbuild, mode:FULL, fail:COMP
2026-05-02 14:36:11, EXEC, v:1, k:ed@vetbuild, mode:FULL, rate:18, size:140
2026-05-02 14:36:08, MOVE, v:1, k:ed@vetbuild, mode:EDIT
2026-05-02 14:45:10, EXEC, v:1, k:ed@vetbuild, mode:FULL, rate:18, size:140
2026-05-02 14:45:07, MOVE, v:1, k:ed@vetbuild, mode:EDIT
2026-05-02 14:48:52, EXEC, v:1, k:ed@vetbuild, mode:FULL, rate:18, size:141
2026-05-02 14:48:48, MOVE, v:1, k:ed@vetbuild, mode:EDIT
2026-05-02 14:56:28, MOVE, v:1, k:ed@vetbuild, mode:EDIT
2026-05-02 15:40:04, EXEC, v:1, k:ed@vetbuild, mode:FULL, size:158, fail:COMP
2026-05-02 15:40:05, EXEC, v:1, k:ed@vetbuild, mode:FULL, fail:COMP
2026-05-02 15:40:31, EXEC, v:1, k:ed@vetbuild, mode:FULL, rate:9, size:158
2026-05-02 15:42:10, EXEC, v:1, k:ed@vetbuild, mode:FULL, rate:18, size:158
2026-05-02 15:42:06, MOVE, v:1, k:ed@vetbuild, mode:EDIT
2026-05-02 15:48:07, MOVE, v:1, k:ed@vetbuild, mode:EDIT
2026-05-02 16:05:22, EXEC, v:1, k:ed@vetbuild, mode:FULL, rate:18, size:165
2026-05-02 16:05:45, MOVE, v:1, k:ed@vetbuild, mode:PICK
2026-05-02 16:05:50, EXEC, v:1, k:ed@vetbuild, mode:FULL, rate:18
2026-05-02 16:06:16, EXEC, v:1, k:ed@vetbuild, mode:FULL, rate:18, size:165
2026-05-02 16:06:49, MOVE, v:1, k:ed@vetbuild, mode:EDIT
2026-05-02 16:12:31, EXEC, v:1, k:ed@vetbuild, mode:FULL, size:172, fail:COMP
2026-05-02 16:12:48, EXEC, v:1, k:ed@vetbuild, mode:FULL, rate:27, size:172
2026-05-02 16:15:41, EXEC, v:1, k:ed@vetbuild, mode:FULL, rate:36, size:175
2026-05-02 16:15:36, MOVE, v:1, k:ed@vetbuild, mode:EDIT
2026-05-02 16:18:01, EXEC, v:1, k:ed@vetbuild, mode:FULL, rate:36, size:178
2026-05-02 16:18:48, EXEC, v:1, k:ed@vetbuild, mode:FULL, rate:36
2026-05-02 16:17:57, MOVE, v:1, k:ed@vetbuild, mode:EDIT
2026-05-02 16:24:08, EXEC, v:1, k:ed@vetbuild, mode:FULL, rate:36, size:183
2026-05-02 16:25:37, MOVE, v:1, k:ed@vetbuild, mode:EDIT
2026-05-02 16:25:48, EXEC, v:1, k:ed@vetbuild, mode:FULL, rate:36, size:186
2026-05-02 16:26:00, EXEC, v:1, k:ed@vetbuild, mode:FULL, rate:36
2026-05-02 16:27:44, EXEC, v:1, k:ed@vetbuild, mode:FULL, rate:36
2026-05-02 16:27:42, MOVE, v:1, k:ed@vetbuild, mode:EDIT
2026-05-02 16:31:22, EXEC, v:1, k:ed@vetbuild, mode:FULL, rate:36
2026-05-02 16:37:57, EXEC, v:1, k:ed@vetbuild, mode:FULL, rate:36, size:180
2026-05-02 16:37:53, MOVE, v:1, k:ed@vetbuild, mode:EDIT
2026-05-02 16:44:18, EXEC, v:1, k:ed@vetbuild, mode:FULL, rate:36
2026-05-02 16:49:05, MOVE, v:1, k:ed@vetbuild, mode:BACK
2026-05-02 16:50:30, MOVE, v:1, k:ed@resto, mode:PICK
2026-05-02 16:50:31, EXEC, v:1, k:ed@resto, mode:FULL, rate:100
2026-05-02 16:50:39, MOVE, v:1, k:ed@resto, mode:BACK
2026-05-02 16:50:43, MOVE, v:1, k:ed@resto, mode:PICK
2026-05-02 16:45:51, MOVE, v:1, k:ed@vetbuild, mode:EDIT
2026-05-02 16:50:49, MOVE, v:1, k:ed@resto, mode:BACK
2026-05-02 16:50:51, MOVE, v:1, k:ed@resto, mode:PICK
2026-05-02 16:51:16, EXEC, v:1, k:ed@resto, mode:FULL, rate:100
2026-05-02 16:55:03, MOVE, v:1, k:ed@resto, mode:BACK
2026-05-02 16:55:17, MOVE, v:1, k:ed@vetbuild, mode:PICK
2026-05-02 16:55:19, EXEC, v:1, k:ed@vetbuild, mode:FULL, size:180, fail:COMP
2026-05-02 16:55:27, MOVE, v:1, k:ed@vetbuild, mode:EDIT
2026-05-02 16:57:06, MOVE, v:1, k:ed@vetbuild, mode:EDIT
2026-05-02 17:02:39, EXEC, v:1, k:ed@vetbuild, mode:FULL, size:190, fail:COMP
2026-05-02 17:02:40, EXEC, v:1, k:ed@vetbuild, mode:FULL, fail:COMP
2026-05-02 17:05:17, EXEC, v:1, k:ed@vetbuild, mode:FULL, rate:36, size:192
2026-05-02 17:05:14, MOVE, v:1, k:ed@vetbuild, mode:EDIT
2026-05-02 18:33:03, EXEC, v:1, k:ed@vetbuild, mode:FULL, rate:36
2026-05-02 18:35:42, EXEC, v:1, k:ed@vetbuild, mode:FULL, size:187, fail:COMP
2026-05-02 18:35:43, EXEC, v:1, k:ed@vetbuild, mode:FULL, fail:COMP
2026-05-02 18:35:40, MOVE, v:1, k:ed@vetbuild, mode:EDIT
2026-05-02 18:36:57, EXEC, v:1, k:ed@vetbuild, mode:FULL, size:189, fail:COMP
2026-05-02 18:36:58, EXEC, v:1, k:ed@vetbuild, mode:FULL, fail:COMP
2026-05-02 18:37:37, EXEC, v:1, k:ed@vetbuild, mode:FULL, rate:36, size:189
2026-05-02 18:38:05, MOVE, v:1, k:ed@vetbuild, mode:PICK
2026-05-02 18:38:07, EXEC, v:1, k:ed@vetbuild, mode:FULL, rate:36
2026-05-02 18:38:38, EXEC, v:1, k:ed@vetbuild, mode:FULL, rate:45, size:189
2026-05-02 18:39:48, EXEC, v:1, k:ed@vetbuild, mode:FULL, rate:54, size:189
2026-05-02 18:39:45, MOVE, v:1, k:ed@vetbuild, mode:EDIT
2026-05-02 18:46:26, EXEC, v:1, k:ed@vetbuild, mode:FULL, rate:72, size:206
2026-05-02 18:46:21, MOVE, v:1, k:ed@vetbuild, mode:EDIT
2026-05-02 18:52:20, EXEC, v:1, k:ed@vetbuild, mode:FULL, rate:72, size:216
2026-05-02 18:52:17, MOVE, v:1, k:ed@vetbuild, mode:EDIT
2026-05-02 18:54:19, EXEC, v:1, k:ed@vetbuild, mode:FULL, rate:72, size:216
2026-05-02 18:54:52, MOVE, v:1, k:ed@vetbuild, mode:PICK
2026-05-02 18:54:53, EXEC, v:1, k:ed@vetbuild, mode:FULL, rate:81, size:216
2026-05-02 18:58:09, EXEC, v:1, k:ed@vetbuild, mode:FULL, rate:81, size:224
2026-05-02 18:58:05, MOVE, v:1, k:ed@vetbuild, mode:EDIT
2026-05-02 18:59:57, EXEC, v:1, k:ed@vetbuild, mode:FULL, rate:90, size:232
2026-05-02 19:02:41, MOVE, v:1, k:ed@vetbuild, mode:EDIT
2026-05-02 19:06:55, EXEC, v:1, k:ed@vetbuild, mode:FULL, rate:90, size:248
2026-05-02 19:06:53, MOVE, v:1, k:ed@vetbuild, mode:EDIT
2026-05-02 19:23:32, EXEC, v:1, k:ed@vetbuild, mode:FULL, rate:90, size:264
2026-05-02 19:24:07, EXEC, v:1, k:ed@vetbuild, mode:FULL, rate:90, size:258
2026-05-02 19:24:03, MOVE, v:1, k:ed@vetbuild, mode:EDIT
2026-05-02 19:25:52, EXEC, v:1, k:ed@vetbuild, mode:FULL, rate:90, size:267
2026-05-02 19:25:45, MOVE, v:1, k:ed@vetbuild, mode:EDIT
2026-05-02 19:34:16, EXEC, v:1, k:ed@vetbuild, mode:FULL, rate:100, size:267
2026-05-02 19:34:24, MOVE, v:1, k:ed@vetbuild, mode:BACK
2026-05-02 19:34:13, MOVE, v:1, k:ed@vetbuild, mode:EDIT
2026-05-02 19:34:52, SELF, v:1, k:ed@vetbuild, self:1, rate:100, study:140, concept:1, problem:1
