2026-06-06 14:53:07, MOVE, v:1, k:ed@hex, mode:DOWN
2026-06-06 14:53:08, MOVE, v:1, k:ed@hex, mode:PICK
2026-06-06 14:53:10, EXEC, v:1, k:ed@hex, mode:LOCK, rate:0, size:5
2026-06-06 14:53:13, EXEC, v:1, k:ed@hex, mode:LOCK, rate:0
2026-06-06 14:53:15, MOVE, v:1, k:ed@hex, mode:BACK
2026-06-06 14:53:21, MOVE, v:1, k:ed@hex, mode:PICK
2026-06-06 14:53:07, MOVE, v:1, k:ed@hex, mode:EDIT
2026-06-06 14:53:07, MOVE, v:1, k:ed@hex, mode:EDIT
2026-06-06 14:54:03, MOVE, v:1, k:ed@hex, mode:BACK
2026-06-06 14:58:31, MOVE, v:1, k:ed@polonesa, mode:DOWN
2026-06-06 14:58:41, MOVE, v:1, k:ed@polonesa, mode:PICK
2026-06-06 14:58:31, MOVE, v:1, k:ed@polonesa, mode:EDIT
2026-06-06 14:58:31, MOVE, v:1, k:ed@polonesa, mode:EDIT
2026-06-06 14:58:31, MOVE, v:1, k:ed@polonesa, mode:EDIT
2026-06-06 15:03:29, MOVE, v:1, k:ed@polonesa, mode:BACK
2026-06-06 15:03:39, MOVE, v:1, k:ed@polonesa, mode:PICK
2026-06-06 15:44:23, EXEC, v:1, k:ed@polonesa, mode:FULL, size:28, fail:COMP
2026-06-06 15:47:37, EXEC, v:1, k:ed@polonesa, mode:FULL, size:37, fail:COMP
2026-06-06 15:47:35, MOVE, v:1, k:ed@polonesa, mode:EDIT
2026-06-06 15:49:30, EXEC, v:1, k:ed@polonesa, mode:FULL, size:40, fail:COMP
2026-06-06 15:53:21, EXEC, v:1, k:ed@polonesa, mode:FULL, size:51, fail:COMP
2026-06-06 15:53:18, MOVE, v:1, k:ed@polonesa, mode:EDIT
2026-06-06 15:54:42, EXEC, v:1, k:ed@polonesa, mode:FULL, size:50, fail:COMP
2026-06-06 15:58:49, EXEC, v:1, k:ed@polonesa, mode:FULL, rate:0, size:51
2026-06-06 15:59:01, EXEC, v:1, k:ed@polonesa, mode:FULL, rate:0
2026-06-06 15:58:58, MOVE, v:1, k:ed@polonesa, mode:EDIT
2026-06-06 16:00:06, EXEC, v:1, k:ed@polonesa, mode:FULL, rate:0, size:51
2026-06-06 16:02:03, EXEC, v:1, k:ed@polonesa, mode:FULL, rate:0, size:55
2026-06-06 16:02:34, EXEC, v:1, k:ed@polonesa, mode:FULL, rate:100, size:56
2026-06-06 16:02:38, MOVE, v:1, k:ed@polonesa, mode:BACK
2026-06-06 16:03:13, SELF, v:1, k:ed@polonesa, self:1, rate:100, study:45, concept:1
2026-06-06 16:02:31, MOVE, v:1, k:ed@polonesa, mode:EDIT
2026-06-06 16:50:46, MOVE, v:1, k:ed@serial, mode:PICK
2026-06-06 16:50:47, EXEC, v:1, k:ed@serial, mode:FULL, rate:0, size:65
2026-06-06 17:16:30, EXEC, v:1, k:ed@serial, mode:FULL, rate:0, size:77
2026-06-06 17:16:32, EXEC, v:1, k:ed@serial, mode:FULL, rate:0
2026-06-06 17:17:13, EXEC, v:1, k:ed@serial, mode:FULL, rate:0, size:80
2026-06-06 17:18:24, EXEC, v:1, k:ed@serial, mode:FULL, rate:0
2026-06-06 17:18:21, MOVE, v:1, k:ed@serial, mode:EDIT
2026-06-06 17:19:23, EXEC, v:1, k:ed@serial, mode:FULL, rate:100, size:80
2026-06-06 17:19:30, MOVE, v:1, k:ed@serial, mode:BACK
2026-06-06 17:19:53, SELF, v:1, k:ed@serial, self:1, rate:100, study:25, concept:1
2026-06-06 17:19:20, MOVE, v:1, k:ed@serial, mode:EDIT
2026-06-06 17:36:54, MOVE, v:1, k:ed@formatada, mode:DOWN
2026-06-06 17:36:56, MOVE, v:1, k:ed@formatada, mode:PICK
2026-06-06 17:37:46, MOVE, v:1, k:ed@formatada, mode:BACK
2026-06-06 17:37:50, MOVE, v:1, k:ed@serial, mode:PICK
2026-06-06 17:37:51, EXEC, v:1, k:ed@serial, mode:FULL, rate:100
2026-06-06 17:39:27, MOVE, v:1, k:ed@serial, mode:BACK
2026-06-06 17:39:32, MOVE, v:1, k:ed@serial, mode:PICK
2026-06-06 17:39:57, EXEC, v:1, k:ed@serial, mode:FULL, rate:100, size:77
2026-06-06 17:39:59, MOVE, v:1, k:ed@serial, mode:BACK
2026-06-06 17:40:09, SELF, v:1, k:ed@serial, self:1, rate:100, study:20, concept:1
2026-06-06 17:40:30, MOVE, v:1, k:ed@formatada, mode:PICK
2026-06-06 17:39:54, MOVE, v:1, k:ed@serial, mode:EDIT
2026-06-06 17:45:52, MOVE, v:1, k:ed@formatada, mode:BACK
2026-06-06 17:47:01, MOVE, v:1, k:ed@formatada, mode:PICK
2026-06-06 17:54:46, MOVE, v:1, k:ed@formatada, mode:EDIT
2026-06-06 18:04:44, MOVE, v:1, k:ed@formatada, mode:EDIT
2026-06-06 18:11:23, EXEC, v:1, k:ed@formatada, mode:FULL, rate:100, size:91
2026-06-06 18:11:34, MOVE, v:1, k:ed@formatada, mode:BACK
2026-06-06 18:12:09, SELF, v:1, k:ed@formatada, self:1, rate:100, study:22, concept:1
2026-06-06 18:11:20, MOVE, v:1, k:ed@formatada, mode:EDIT
2026-06-06 22:01:06, MOVE, v:1, k:ed@inverter, mode:DOWN
2026-06-06 22:01:07, MOVE, v:1, k:ed@inverter, mode:PICK
2026-06-06 22:01:06, MOVE, v:1, k:ed@inverter, mode:EDIT
2026-06-06 22:01:06, MOVE, v:1, k:ed@inverter, mode:EDIT
2026-06-06 22:01:06, MOVE, v:1, k:ed@inverter, mode:EDIT
2026-06-06 22:11:00, EXEC, v:1, k:ed@inverter, mode:FULL, rate:0, size:73
2026-06-06 22:11:37, EXEC, v:1, k:ed@inverter, mode:FULL, rate:100, size:76
2026-06-06 22:11:39, MOVE, v:1, k:ed@inverter, mode:BACK
2026-06-06 22:11:55, SELF, v:1, k:ed@inverter, self:1, rate:100, study:10, concept:1
