2026-05-10 17:48:37, EXEC, v:1, k:ed@editorint, mode:FREE
2026-05-10 18:26:22, EXEC, v:1, k:ed@editorint, mode:FREE
2026-05-10 18:33:32, EXEC, v:1, k:ed@editorint, mode:FREE
2026-05-10 18:46:25, EXEC, v:1, k:ed@editorint, mode:FREE
2026-05-10 19:06:16, EXEC, v:1, k:ed@editorint, mode:FREE
2026-05-10 19:12:39, EXEC, v:1, k:ed@editorint, mode:FREE
2026-05-10 19:12:51, EXEC, v:1, k:ed@editorint, mode:FREE
2026-05-10 19:13:43, EXEC, v:1, k:ed@editorint, mode:FREE
2026-05-10 19:16:22, EXEC, v:1, k:ed@editorint, mode:FREE
2026-05-10 19:19:04, EXEC, v:1, k:ed@editorint, mode:FREE
2026-05-10 19:19:57, EXEC, v:1, k:ed@editorint, mode:FREE
2026-05-10 19:50:10, EXEC, v:1, k:ed@editorint, mode:FREE
2026-05-10 19:58:29, EXEC, v:1, k:ed@editorint, mode:FREE
2026-05-10 20:02:46, EXEC, v:1, k:ed@editorint, mode:FREE
2026-05-10 20:12:34, EXEC, v:1, k:ed@editorint, mode:FREE
2026-05-10 20:20:44, EXEC, v:1, k:ed@editorint, mode:FREE
2026-05-10 20:24:36, EXEC, v:1, k:ed@editorint, mode:FREE
2026-05-10 20:37:41, EXEC, v:1, k:ed@editorint, mode:FREE
2026-05-10 20:39:03, EXEC, v:1, k:ed@editorint, mode:FREE
2026-05-10 20:40:20, EXEC, v:1, k:ed@editorint, mode:FREE
2026-05-10 20:41:42, EXEC, v:1, k:ed@editorint, mode:FREE
2026-05-10 20:42:23, EXEC, v:1, k:ed@editorint, mode:FREE
2026-05-10 20:43:12, EXEC, v:1, k:ed@editorint, mode:FREE
2026-05-10 20:45:08, EXEC, v:1, k:ed@editorint, mode:FREE
2026-05-10 20:45:21, EXEC, v:1, k:ed@editorint, mode:FREE
2026-05-10 20:46:59, EXEC, v:1, k:ed@editorint, mode:FREE
2026-05-10 20:44:28, MOVE, v:1, k:ed@editorint, mode:EDIT
2026-05-10 20:51:02, EXEC, v:1, k:ed@editorint, mode:FREE
2026-05-10 20:50:54, MOVE, v:1, k:ed@editorint, mode:EDIT
2026-05-10 20:54:04, EXEC, v:1, k:ed@editorint, mode:FREE
2026-05-10 20:53:57, MOVE, v:1, k:ed@editorint, mode:EDIT
2026-05-10 21:02:08, MOVE, v:1, k:ed@editorint, mode:EDIT
2026-05-10 21:02:14, EXEC, v:1, k:ed@editorint, mode:FREE
2026-05-10 21:04:36, EXEC, v:1, k:ed@editorint, mode:FREE
2026-05-10 21:07:13, SELF, v:1, k:ed@editorint, self:1, study:120, concept:1, problem:1, refactor:1
2026-05-10 21:04:57, MOVE, v:1, k:ed@editorint, mode:EDIT
2026-05-10 21:07:19, MOVE, v:1, k:ed@editorint, mode:PICK
2026-05-10 21:07:23, EXEC, v:1, k:ed@editorint, mode:LOCK, rate:0, size:329
2026-05-10 21:07:28, MOVE, v:1, k:ed@editorint, mode:BACK
