2026-07-05 00:03:44, EXEC, v:1, k:ed@lista_d2, mode:FULL, rate:0
2026-07-05 00:06:52, EXEC, v:1, k:ed@lista_d2, mode:FULL, rate:0, size:134
2026-07-05 00:06:48, MOVE, v:1, k:ed@lista_d2, mode:EDIT
2026-07-05 13:37:37, MOVE, v:1, k:ed@lista_d2, mode:PICK
2026-07-05 13:39:44, MOVE, v:1, k:ed@lista_d2, mode:BACK
2026-07-05 13:40:47, MOVE, v:1, k:ed@lista_d2, mode:PICK
2026-07-05 13:42:05, EXEC, v:1, k:ed@lista_d2, mode:FULL, rate:0, size:138
2026-07-05 13:44:58, EXEC, v:1, k:ed@lista_d2, mode:FULL, rate:0, size:145
2026-07-05 13:44:56, MOVE, v:1, k:ed@lista_d2, mode:EDIT
2026-07-05 13:46:48, EXEC, v:1, k:ed@lista_d2, mode:FULL, rate:0, size:145
2026-07-05 13:50:01, MOVE, v:1, k:ed@lista_d2, mode:EDIT
2026-07-05 13:50:04, EXEC, v:1, k:ed@lista_d2, mode:FULL, rate:20, size:154
2026-07-05 13:52:04, EXEC, v:1, k:ed@lista_d2, mode:FULL, rate:20, size:159
2026-07-05 13:53:51, MOVE, v:1, k:ed@lista_d2, mode:EDIT
2026-07-05 14:09:09, MOVE, v:1, k:ed@lista_d2, mode:EDIT
2026-07-05 14:10:28, EXEC, v:1, k:ed@lista_d2, mode:FULL, rate:20, size:169
2026-07-05 14:10:31, EXEC, v:1, k:ed@lista_d2, mode:FULL, rate:20
2026-07-05 14:11:13, EXEC, v:1, k:ed@lista_d2, mode:FULL, rate:20
2026-07-05 14:11:59, EXEC, v:1, k:ed@lista_d2, mode:FULL, rate:20, size:172
2026-07-05 14:12:45, EXEC, v:1, k:ed@lista_d2, mode:FULL, rate:20
2026-07-05 14:14:45, EXEC, v:1, k:ed@lista_d2, mode:FULL, rate:40, size:175
2026-07-05 14:14:42, MOVE, v:1, k:ed@lista_d2, mode:EDIT
2026-07-05 14:17:57, EXEC, v:1, k:ed@lista_d2, mode:FULL, rate:60, size:183
2026-07-05 14:17:53, MOVE, v:1, k:ed@lista_d2, mode:EDIT
2026-07-05 14:25:53, EXEC, v:1, k:ed@lista_d2, mode:FULL, rate:80, size:195
2026-07-05 14:25:46, MOVE, v:1, k:ed@lista_d2, mode:EDIT
2026-07-05 14:31:46, MOVE, v:1, k:ed@lista_d2, mode:EDIT
2026-07-05 14:38:32, EXEC, v:1, k:ed@lista_d2, mode:FULL, rate:100, size:209
2026-07-05 14:38:38, MOVE, v:1, k:ed@lista_d2, mode:BACK
2026-07-05 14:38:55, SELF, v:1, k:ed@lista_d2, self:1, rate:100, study:30, concept:1
