2026-05-24 00:57:52, EXEC, v:1, k:ed@wordsearch, mode:FULL, rate:0, size:83
2026-05-24 00:57:32, MOVE, v:1, k:ed@wordsearch, mode:EDIT
2026-05-24 01:01:33, MOVE, v:1, k:ed@wordsearch, mode:EDIT
2026-05-24 01:06:13, EXEC, v:1, k:ed@wordsearch, mode:FULL, rate:50, size:86
2026-05-24 01:06:16, EXEC, v:1, k:ed@wordsearch, mode:FULL, rate:50
2026-05-24 01:06:27, EXEC, v:1, k:ed@wordsearch, mode:FULL, rate:50
2026-05-24 01:06:10, MOVE, v:1, k:ed@wordsearch, mode:EDIT
2026-05-24 01:17:20, EXEC, v:1, k:ed@wordsearch, mode:FULL, rate:100, size:86
2026-05-24 01:17:28, MOVE, v:1, k:ed@wordsearch, mode:BACK
2026-05-24 01:18:23, SELF, v:1, k:ed@wordsearch, self:1, rate:100, study:25, concept:1, problem:1
2026-05-24 01:17:16, MOVE, v:1, k:ed@wordsearch, mode:EDIT
2026-05-24 01:25:31, MOVE, v:1, k:ed@subset_sum, mode:DOWN
2026-05-24 01:25:32, MOVE, v:1, k:ed@subset_sum, mode:PICK
2026-05-24 01:25:48, EXEC, v:1, k:ed@subset_sum, mode:FULL, rate:0, size:5
2026-05-24 01:37:49, EXEC, v:1, k:ed@subset_sum, mode:FULL, size:18, fail:COMP
2026-05-24 01:37:44, MOVE, v:1, k:ed@subset_sum, mode:EDIT
2026-05-24 01:44:45, EXEC, v:1, k:ed@subset_sum, mode:FULL, size:29, fail:COMP
2026-05-24 01:44:49, EXEC, v:1, k:ed@subset_sum, mode:FULL, fail:COMP
2026-05-24 01:44:58, EXEC, v:1, k:ed@subset_sum, mode:FULL, fail:COMP
2026-05-24 01:45:05, EXEC, v:1, k:ed@subset_sum, mode:FULL, fail:COMP
2026-05-24 01:45:51, EXEC, v:1, k:ed@subset_sum, mode:FULL, rate:0, size:30
2026-05-24 01:46:12, EXEC, v:1, k:ed@subset_sum, mode:FULL, rate:0, size:30
2026-05-24 01:46:22, EXEC, v:1, k:ed@subset_sum, mode:FULL, rate:0, size:30
2026-05-24 01:46:19, MOVE, v:1, k:ed@subset_sum, mode:EDIT
2026-05-24 01:50:25, EXEC, v:1, k:ed@subset_sum, mode:FULL, rate:62, size:30
2026-05-24 01:52:32, EXEC, v:1, k:ed@subset_sum, mode:FULL, rate:100, size:30
2026-05-24 01:52:38, MOVE, v:1, k:ed@subset_sum, mode:BACK
2026-05-24 01:53:42, SELF, v:1, k:ed@subset_sum, self:1, rate:100, study:30, concept:1
2026-05-24 01:52:29, MOVE, v:1, k:ed@subset_sum, mode:EDIT
2026-05-24 01:55:56, MOVE, v:1, k:ed@editor, mode:DOWN
2026-05-24 01:55:57, MOVE, v:1, k:ed@editor, mode:PICK
2026-05-24 01:56:08, EXEC, v:1, k:ed@editor, mode:FULL, rate:0, size:5
2026-05-24 01:55:56, MOVE, v:1, k:ed@editor, mode:EDIT
2026-05-24 01:55:56, MOVE, v:1, k:ed@editor, mode:EDIT
2026-05-24 01:55:56, MOVE, v:1, k:ed@editor, mode:EDIT
2026-05-24 02:12:31, EXEC, v:1, k:ed@editor, mode:FULL, size:26, fail:COMP
2026-05-24 02:12:45, EXEC, v:1, k:ed@editor, mode:FULL, rate:0, size:26
2026-05-24 02:12:42, MOVE, v:1, k:ed@editor, mode:EDIT
2026-05-24 02:16:46, EXEC, v:1, k:ed@editor, mode:FULL, rate:0, size:34
2026-05-24 02:18:41, EXEC, v:1, k:ed@editor, mode:FULL, rate:0, size:36
2026-05-24 02:19:20, EXEC, v:1, k:ed@editor, mode:FULL, rate:33, size:37
2026-05-24 02:19:17, MOVE, v:1, k:ed@editor, mode:EDIT
2026-05-24 02:21:29, EXEC, v:1, k:ed@editor, mode:FULL, rate:33, size:41
2026-05-24 02:23:19, EXEC, v:1, k:ed@editor, mode:FULL, rate:33
2026-05-24 02:23:17, MOVE, v:1, k:ed@editor, mode:EDIT
2026-05-24 02:26:52, EXEC, v:1, k:ed@editor, mode:FULL, rate:66, size:47
2026-05-24 02:26:49, MOVE, v:1, k:ed@editor, mode:EDIT
2026-05-24 02:32:13, EXEC, v:1, k:ed@editor, mode:FULL, rate:66, size:53
2026-05-24 02:33:26, EXEC, v:1, k:ed@editor, mode:FULL, rate:66
2026-05-24 02:34:14, EXEC, v:1, k:ed@editor, mode:FULL, rate:83, size:53
2026-05-24 02:34:33, EXEC, v:1, k:ed@editor, mode:FULL, rate:100, size:53
2026-05-24 02:34:31, MOVE, v:1, k:ed@editor, mode:EDIT
2026-05-24 02:34:39, MOVE, v:1, k:ed@editor, mode:BACK
2026-05-24 02:35:21, SELF, v:1, k:ed@editor, self:1, rate:100, study:30, concept:1, problem:1
