2026-05-23 15:51:15, MOVE, v:1, k:ed@iterador, mode:PICK
2026-05-23 15:58:26, EXEC, v:1, k:ed@iterador, mode:FULL, rate:33, size:90
2026-05-23 15:58:21, MOVE, v:1, k:ed@iterador, mode:EDIT
2026-05-23 16:24:37, EXEC, v:1, k:ed@iterador, mode:FULL, rate:33, size:105
2026-05-23 16:26:59, EXEC, v:1, k:ed@iterador, mode:FULL, rate:33
2026-05-23 16:29:00, EXEC, v:1, k:ed@iterador, mode:FULL, rate:66, size:105
2026-05-23 16:29:07, EXEC, v:1, k:ed@iterador, mode:FULL, rate:66
2026-05-23 16:29:04, MOVE, v:1, k:ed@iterador, mode:EDIT
2026-05-23 16:43:28, EXEC, v:1, k:ed@iterador, mode:FULL, rate:66, size:121
2026-05-23 16:43:26, MOVE, v:1, k:ed@iterador, mode:EDIT
2026-05-23 16:45:10, EXEC, v:1, k:ed@iterador, mode:FULL, rate:66, size:121
2026-05-23 16:45:15, EXEC, v:1, k:ed@iterador, mode:FULL, rate:66
2026-05-23 16:45:12, MOVE, v:1, k:ed@iterador, mode:EDIT
2026-05-23 16:51:36, EXEC, v:1, k:ed@iterador, mode:FULL, rate:66, size:125
2026-05-23 16:51:37, EXEC, v:1, k:ed@iterador, mode:FULL, rate:66
2026-05-23 16:52:30, EXEC, v:1, k:ed@iterador, mode:FULL, rate:100, size:125
2026-05-23 16:53:13, EXEC, v:1, k:ed@iterador, mode:FULL, rate:100, size:123
2026-05-23 16:53:39, EXEC, v:1, k:ed@iterador, mode:FULL, rate:66, size:123
2026-05-23 16:53:47, EXEC, v:1, k:ed@iterador, mode:FULL, rate:100, size:123
2026-05-23 16:53:52, MOVE, v:1, k:ed@iterador, mode:BACK
2026-05-23 16:54:18, SELF, v:1, k:ed@iterador, self:1, rate:100, study:15, concept:1
2026-05-23 16:53:45, MOVE, v:1, k:ed@iterador, mode:EDIT
2026-05-23 18:11:50, MOVE, v:1, k:ed@multiset, mode:DOWN
2026-05-23 18:12:41, MOVE, v:1, k:ed@multiset, mode:PICK
2026-05-23 18:11:50, MOVE, v:1, k:ed@multiset, mode:EDIT
2026-05-23 18:11:50, MOVE, v:1, k:ed@multiset, mode:EDIT
2026-05-23 18:11:50, MOVE, v:1, k:ed@multiset, mode:EDIT
2026-05-23 18:11:50, MOVE, v:1, k:ed@multiset, mode:EDIT
2026-05-23 18:19:21, MOVE, v:1, k:ed@multiset, mode:BACK
2026-05-23 18:19:28, MOVE, v:1, k:ed@multiset, mode:PICK
2026-05-23 18:19:29, MOVE, v:1, k:ed@multiset, mode:BACK
2026-05-23 18:19:32, MOVE, v:1, k:ed@multiset, mode:PICK
2026-05-23 18:19:34, EXEC, v:1, k:ed@multiset, mode:FULL, rate:0, size:59
2026-05-23 18:59:39, EXEC, v:1, k:ed@multiset, mode:FULL, size:90, fail:COMP
2026-05-23 18:59:41, EXEC, v:1, k:ed@multiset, mode:FULL, fail:COMP
2026-05-23 19:00:46, EXEC, v:1, k:ed@multiset, mode:FULL, rate:0, size:91
2026-05-23 19:00:46, EXEC, v:1, k:ed@multiset, mode:FULL, rate:0, size:91
2026-05-23 19:01:04, EXEC, v:1, k:ed@multiset, mode:FULL, rate:0, size:91
2026-05-23 19:04:01, EXEC, v:1, k:ed@multiset, mode:FULL, rate:0, size:94
2026-05-23 19:04:09, EXEC, v:1, k:ed@multiset, mode:FULL, rate:0
2026-05-23 19:04:06, MOVE, v:1, k:ed@multiset, mode:EDIT
2026-05-23 19:04:38, EXEC, v:1, k:ed@multiset, mode:FULL, rate:0, size:94
2026-05-23 19:05:42, EXEC, v:1, k:ed@multiset, mode:FULL, rate:16, size:94
2026-05-23 19:05:40, MOVE, v:1, k:ed@multiset, mode:EDIT
2026-05-23 19:22:17, EXEC, v:1, k:ed@multiset, mode:FULL, rate:16, size:109
2026-05-23 19:22:15, MOVE, v:1, k:ed@multiset, mode:EDIT
2026-05-23 19:28:36, EXEC, v:1, k:ed@multiset, mode:FULL, size:113, fail:COMP
2026-05-23 19:29:13, EXEC, v:1, k:ed@multiset, mode:FULL, rate:33, size:114
2026-05-23 19:29:11, MOVE, v:1, k:ed@multiset, mode:EDIT
2026-05-23 19:29:43, EXEC, v:1, k:ed@multiset, mode:FULL, rate:33, size:114
2026-05-23 19:32:50, EXEC, v:1, k:ed@multiset, mode:FULL, rate:33, size:116
2026-05-23 19:32:47, MOVE, v:1, k:ed@multiset, mode:EDIT
2026-05-23 19:34:45, EXEC, v:1, k:ed@multiset, mode:FULL, rate:33, size:116
2026-05-23 19:36:03, EXEC, v:1, k:ed@multiset, mode:FULL, rate:50, size:116
2026-05-23 19:36:13, EXEC, v:1, k:ed@multiset, mode:FULL, size:116, fail:COMP
2026-05-23 19:36:19, EXEC, v:1, k:ed@multiset, mode:FULL, rate:50, size:116
2026-05-23 19:36:17, MOVE, v:1, k:ed@multiset, mode:EDIT
2026-05-23 19:42:34, EXEC, v:1, k:ed@multiset, mode:FULL, rate:50, size:131
2026-05-23 19:43:08, EXEC, v:1, k:ed@multiset, mode:FULL, rate:50, size:131
2026-05-23 19:44:11, EXEC, v:1, k:ed@multiset, mode:FULL, rate:66, size:128
2026-05-23 19:44:08, MOVE, v:1, k:ed@multiset, mode:EDIT
2026-05-23 19:48:56, EXEC, v:1, k:ed@multiset, mode:FULL, rate:83, size:138
2026-05-23 19:48:53, MOVE, v:1, k:ed@multiset, mode:EDIT
2026-05-23 19:52:20, MOVE, v:1, k:ed@multiset, mode:EDIT
2026-05-23 19:55:20, EXEC, v:1, k:ed@multiset, mode:FULL, rate:83, size:144
2026-05-23 19:58:19, EXEC, v:1, k:ed@multiset, mode:FULL, rate:83, size:144
2026-05-23 19:59:02, EXEC, v:1, k:ed@multiset, mode:FULL, rate:100, size:147
2026-05-23 19:59:05, MOVE, v:1, k:ed@multiset, mode:BACK
2026-05-23 19:59:00, MOVE, v:1, k:ed@multiset, mode:EDIT
2026-05-23 19:59:53, SELF, v:1, k:ed@multiset, self:1, rate:100, study:25, concept:1, debug:1
2026-05-23 20:00:09, SELF, v:1, k:ed@multiset, self:1, rate:100, study:25, concept:1
2026-05-23 20:01:01, SELF, v:1, k:ed@multiset, self:1, rate:100, study:25, concept:1
2026-05-23 20:12:22, MOVE, v:1, k:ed@baruel, mode:PICK
2026-05-23 20:12:23, EXEC, v:1, k:ed@baruel, mode:FULL, rate:100, size:53
2026-05-23 20:12:53, MOVE, v:1, k:ed@baruel, mode:BACK
